====================================================================================================
EMIT family-B CERTIFICATE   target a >= 0.8344
  witness: 1024-gon disk, 1024 arc points per curved core
  arc sagitta 4.706e-06  ->  deficit <= 1.600e-05
  search threshold = 0.834416002117   (5-D ceiling is 0.834781)
  4,194,304 seeds (depth 22), hmin 1e-05
====================================================================================================
     20,000/4,194,304 seeds           20,000 nodes   [   0.0 min,     8,526 nodes/s]
     40,000/4,194,304 seeds           40,000 nodes   [   0.1 min,    10,413 nodes/s]
     60,000/4,194,304 seeds           60,000 nodes   [   0.1 min,    11,046 nodes/s]
     80,000/4,194,304 seeds           80,000 nodes   [   0.1 min,    11,532 nodes/s]
    100,000/4,194,304 seeds          100,000 nodes   [   0.1 min,    11,887 nodes/s]
    120,000/4,194,304 seeds          120,000 nodes   [   0.2 min,    12,126 nodes/s]
    140,000/4,194,304 seeds          140,000 nodes   [   0.2 min,    12,271 nodes/s]
    160,000/4,194,304 seeds          160,000 nodes   [   0.2 min,    12,374 nodes/s]
    180,000/4,194,304 seeds          180,000 nodes   [   0.2 min,    12,508 nodes/s]
    200,000/4,194,304 seeds          200,000 nodes   [   0.3 min,    12,589 nodes/s]
    220,000/4,194,304 seeds          220,000 nodes   [   0.3 min,    12,641 nodes/s]
    240,000/4,194,304 seeds          240,000 nodes   [   0.3 min,    12,713 nodes/s]
    260,000/4,194,304 seeds          310,912 nodes   [   0.4 min,    12,342 nodes/s]
    280,000/4,194,304 seeds          397,492 nodes   [   0.7 min,     9,892 nodes/s]
    300,000/4,194,304 seeds          455,608 nodes   [   0.7 min,    10,408 nodes/s]
    320,000/4,194,304 seeds          475,608 nodes   [   0.8 min,    10,126 nodes/s]
    340,000/4,194,304 seeds          495,608 nodes   [   0.8 min,     9,895 nodes/s]
    360,000/4,194,304 seeds          515,608 nodes   [   0.9 min,     9,620 nodes/s]
    380,000/4,194,304 seeds          535,608 nodes   [   1.0 min,     9,292 nodes/s]
    400,000/4,194,304 seeds          555,608 nodes   [   1.0 min,     9,055 nodes/s]
    420,000/4,194,304 seeds          575,608 nodes   [   1.1 min,     8,905 nodes/s]
    440,000/4,194,304 seeds          595,608 nodes   [   1.1 min,     8,768 nodes/s]
    460,000/4,194,304 seeds          615,608 nodes   [   1.2 min,     8,640 nodes/s]
    480,000/4,194,304 seeds          635,608 nodes   [   1.2 min,     8,533 nodes/s]
    500,000/4,194,304 seeds          855,498 nodes   [   1.5 min,     9,647 nodes/s]
    520,000/4,194,304 seeds        1,807,630 nodes   [   4.5 min,     6,656 nodes/s]
    540,000/4,194,304 seeds        1,827,630 nodes   [   4.7 min,     6,494 nodes/s]
    560,000/4,194,304 seeds        1,939,276 nodes   [   4.8 min,     6,738 nodes/s]
    580,000/4,194,304 seeds        1,959,276 nodes   [   4.9 min,     6,684 nodes/s]
    600,000/4,194,304 seeds        1,979,276 nodes   [   5.0 min,     6,636 nodes/s]
    620,000/4,194,304 seeds        1,999,276 nodes   [   5.1 min,     6,588 nodes/s]
    640,000/4,194,304 seeds        2,019,276 nodes   [   5.1 min,     6,546 nodes/s]
    660,000/4,194,304 seeds        2,039,276 nodes   [   5.2 min,     6,503 nodes/s]
    680,000/4,194,304 seeds        2,059,276 nodes   [   5.3 min,     6,461 nodes/s]
    700,000/4,194,304 seeds        2,079,276 nodes   [   5.4 min,     6,420 nodes/s]
    720,000/4,194,304 seeds        2,099,276 nodes   [   5.5 min,     6,381 nodes/s]
    740,000/4,194,304 seeds        2,119,276 nodes   [   5.6 min,     6,344 nodes/s]
    760,000/4,194,304 seeds        5,434,336 nodes   [  11.5 min,     7,873 nodes/s]
    780,000/4,194,304 seeds        5,454,336 nodes   [  11.7 min,     7,795 nodes/s]
    800,000/4,194,304 seeds        5,474,336 nodes   [  11.8 min,     7,720 nodes/s]
    820,000/4,194,304 seeds        5,494,336 nodes   [  12.0 min,     7,647 nodes/s]
    840,000/4,194,304 seeds        5,514,336 nodes   [  12.1 min,     7,579 nodes/s]
    860,000/4,194,304 seeds        5,534,336 nodes   [  12.3 min,     7,509 nodes/s]
    880,000/4,194,304 seeds        5,554,336 nodes   [  12.4 min,     7,442 nodes/s]
    900,000/4,194,304 seeds        5,574,336 nodes   [  12.6 min,     7,377 nodes/s]
    920,000/4,194,304 seeds        5,594,336 nodes   [  12.8 min,     7,312 nodes/s]
    940,000/4,194,304 seeds        5,614,336 nodes   [  12.9 min,     7,249 nodes/s]
    960,000/4,194,304 seeds        5,634,336 nodes   [  13.1 min,     7,188 nodes/s]
    980,000/4,194,304 seeds        5,654,336 nodes   [  13.2 min,     7,128 nodes/s]
    1,000,000/4,194,304 seeds       16,378,954 nodes   [  33.6 min,     8,136 nodes/s]
    1,020,000/4,194,304 seeds       16,398,954 nodes   [  33.7 min,     8,108 nodes/s]
    1,040,000/4,194,304 seeds       16,418,954 nodes   [  33.9 min,     8,081 nodes/s]
    1,060,000/4,194,304 seeds       16,438,954 nodes   [  34.0 min,     8,052 nodes/s]
    1,080,000/4,194,304 seeds       16,458,954 nodes   [  34.2 min,     8,026 nodes/s]
    1,100,000/4,194,304 seeds       16,478,954 nodes   [  34.3 min,     7,998 nodes/s]
    1,120,000/4,194,304 seeds       16,498,954 nodes   [  34.5 min,     7,971 nodes/s]
    1,140,000/4,194,304 seeds       16,518,954 nodes   [  34.7 min,     7,945 nodes/s]
    1,160,000/4,194,304 seeds       16,538,954 nodes   [  34.8 min,     7,919 nodes/s]
    1,180,000/4,194,304 seeds       16,558,954 nodes   [  35.0 min,     7,893 nodes/s]
    1,200,000/4,194,304 seeds       16,578,954 nodes   [  35.1 min,     7,867 nodes/s]
    1,220,000/4,194,304 seeds       16,598,954 nodes   [  35.3 min,     7,841 nodes/s]
    1,240,000/4,194,304 seeds       25,186,432 nodes   [  40.7 min,    10,305 nodes/s]
    1,260,000/4,194,304 seeds       25,721,540 nodes   [  44.2 min,     9,698 nodes/s]
    1,280,000/4,194,304 seeds       25,741,540 nodes   [  44.4 min,     9,671 nodes/s]
    1,300,000/4,194,304 seeds       25,761,540 nodes   [  44.5 min,     9,644 nodes/s]
    1,320,000/4,194,304 seeds       25,781,540 nodes   [  44.7 min,     9,619 nodes/s]
    1,340,000/4,194,304 seeds       25,801,540 nodes   [  44.8 min,     9,593 nodes/s]
    1,360,000/4,194,304 seeds       25,821,540 nodes   [  45.0 min,     9,568 nodes/s]
    1,380,000/4,194,304 seeds       25,841,540 nodes   [  45.1 min,     9,542 nodes/s]
    1,400,000/4,194,304 seeds       25,861,540 nodes   [  45.3 min,     9,517 nodes/s]
    1,420,000/4,194,304 seeds       25,881,540 nodes   [  45.4 min,     9,492 nodes/s]
    1,440,000/4,194,304 seeds       25,901,540 nodes   [  45.6 min,     9,468 nodes/s]
    1,460,000/4,194,304 seeds       25,921,540 nodes   [  45.7 min,     9,444 nodes/s]
    1,480,000/4,194,304 seeds       25,985,228 nodes   [  46.2 min,     9,378 nodes/s]
    1,500,000/4,194,304 seeds       53,919,990 nodes   [  92.0 min,     9,773 nodes/s]
    1,520,000/4,194,304 seeds       53,939,990 nodes   [  92.1 min,     9,761 nodes/s]
    1,540,000/4,194,304 seeds       53,959,990 nodes   [  92.3 min,     9,748 nodes/s]
    1,560,000/4,194,304 seeds       54,141,822 nodes   [  92.4 min,     9,766 nodes/s]
    1,580,000/4,194,304 seeds       54,161,822 nodes   [  92.5 min,     9,760 nodes/s]
    1,600,000/4,194,304 seeds       54,181,822 nodes   [  92.6 min,     9,755 nodes/s]
    1,620,000/4,194,304 seeds       54,201,822 nodes   [  92.7 min,     9,750 nodes/s]
    1,640,000/4,194,304 seeds       54,221,822 nodes   [  92.7 min,     9,745 nodes/s]
    1,660,000/4,194,304 seeds       54,241,822 nodes   [  92.8 min,     9,739 nodes/s]
    1,680,000/4,194,304 seeds       54,261,822 nodes   [  92.9 min,     9,734 nodes/s]
    1,700,000/4,194,304 seeds       54,281,822 nodes   [  93.0 min,     9,729 nodes/s]
    1,720,000/4,194,304 seeds       54,301,822 nodes   [  93.1 min,     9,724 nodes/s]
    1,740,000/4,194,304 seeds       76,604,258 nodes   [ 102.8 min,    12,419 nodes/s]
    1,760,000/4,194,304 seeds       76,624,258 nodes   [ 103.0 min,    12,403 nodes/s]
    1,780,000/4,194,304 seeds       76,644,258 nodes   [ 103.1 min,    12,387 nodes/s]
    1,800,000/4,194,304 seeds       76,664,258 nodes   [ 103.3 min,    12,372 nodes/s]
    1,820,000/4,194,304 seeds       76,684,258 nodes   [ 103.4 min,    12,356 nodes/s]
    1,840,000/4,194,304 seeds       76,704,258 nodes   [ 103.6 min,    12,340 nodes/s]
    1,860,000/4,194,304 seeds       76,724,258 nodes   [ 103.8 min,    12,325 nodes/s]
    1,880,000/4,194,304 seeds       76,744,258 nodes   [ 103.9 min,    12,309 nodes/s]
    1,900,000/4,194,304 seeds       76,764,258 nodes   [ 104.1 min,    12,295 nodes/s]
    1,920,000/4,194,304 seeds       76,784,258 nodes   [ 104.2 min,    12,281 nodes/s]
    1,940,000/4,194,304 seeds       78,502,718 nodes   [ 104.3 min,    12,543 nodes/s]
    1,960,000/4,194,304 seeds       78,522,718 nodes   [ 104.4 min,    12,536 nodes/s]
    1,980,000/4,194,304 seeds       93,433,574 nodes   [ 118.5 min,    13,144 nodes/s]
    2,000,000/4,194,304 seeds       93,453,574 nodes   [ 118.6 min,    13,129 nodes/s]
    2,020,000/4,194,304 seeds       93,473,574 nodes   [ 118.8 min,    13,114 nodes/s]
    2,040,000/4,194,304 seeds       93,493,574 nodes   [ 118.9 min,    13,100 nodes/s]
    2,060,000/4,194,304 seeds       93,513,574 nodes   [ 119.1 min,    13,086 nodes/s]
    2,080,000/4,194,304 seeds       93,533,574 nodes   [ 119.3 min,    13,072 nodes/s]
    2,100,000/4,194,304 seeds       93,553,574 nodes   [ 119.4 min,    13,058 nodes/s]
    2,120,000/4,194,304 seeds       93,573,574 nodes   [ 119.6 min,    13,043 nodes/s]
    2,140,000/4,194,304 seeds       93,593,574 nodes   [ 119.7 min,    13,029 nodes/s]
    2,160,000/4,194,304 seeds       93,613,574 nodes   [ 119.9 min,    13,014 nodes/s]
    2,180,000/4,194,304 seeds       93,633,574 nodes   [ 120.0 min,    13,001 nodes/s]
    2,200,000/4,194,304 seeds       93,653,574 nodes   [ 120.2 min,    12,986 nodes/s]
    2,220,000/4,194,304 seeds      128,631,920 nodes   [ 135.4 min,    15,835 nodes/s]
    2,240,000/4,194,304 seeds      131,580,648 nodes   [ 139.8 min,    15,692 nodes/s]
    2,260,000/4,194,304 seeds      131,600,648 nodes   [ 139.9 min,    15,677 nodes/s]
    2,280,000/4,194,304 seeds      131,620,648 nodes   [ 140.1 min,    15,661 nodes/s]
    2,300,000/4,194,304 seeds      131,640,648 nodes   [ 140.2 min,    15,645 nodes/s]
    2,320,000/4,194,304 seeds      131,660,648 nodes   [ 140.4 min,    15,629 nodes/s]
    2,340,000/4,194,304 seeds      131,680,648 nodes   [ 140.6 min,    15,614 nodes/s]
    2,360,000/4,194,304 seeds      131,700,648 nodes   [ 140.7 min,    15,596 nodes/s]
    2,380,000/4,194,304 seeds      131,720,648 nodes   [ 140.9 min,    15,581 nodes/s]
    2,400,000/4,194,304 seeds      131,740,648 nodes   [ 141.1 min,    15,566 nodes/s]
    2,420,000/4,194,304 seeds      131,760,648 nodes   [ 141.2 min,    15,548 nodes/s]
    2,440,000/4,194,304 seeds      131,780,648 nodes   [ 141.4 min,    15,533 nodes/s]
    2,460,000/4,194,304 seeds      131,800,648 nodes   [ 141.6 min,    15,517 nodes/s]
    2,480,000/4,194,304 seeds      141,849,728 nodes   [ 146.8 min,    16,108 nodes/s]
    2,500,000/4,194,304 seeds      141,869,728 nodes   [ 146.9 min,    16,092 nodes/s]
    2,520,000/4,194,304 seeds      141,889,728 nodes   [ 147.1 min,    16,076 nodes/s]
    2,540,000/4,194,304 seeds      141,909,728 nodes   [ 147.3 min,    16,059 nodes/s]
    2,560,000/4,194,304 seeds      141,929,728 nodes   [ 147.4 min,    16,044 nodes/s]
    2,580,000/4,194,304 seeds      141,949,728 nodes   [ 147.6 min,    16,027 nodes/s]
    2,600,000/4,194,304 seeds      141,969,728 nodes   [ 147.8 min,    16,012 nodes/s]
    2,620,000/4,194,304 seeds      141,989,728 nodes   [ 147.9 min,    15,996 nodes/s]
    2,640,000/4,194,304 seeds      142,009,728 nodes   [ 148.1 min,    15,981 nodes/s]
    2,660,000/4,194,304 seeds      142,029,728 nodes   [ 148.3 min,    15,965 nodes/s]
    2,680,000/4,194,304 seeds      142,049,728 nodes   [ 148.4 min,    15,951 nodes/s]
    2,700,000/4,194,304 seeds      142,624,956 nodes   [ 148.6 min,    15,998 nodes/s]
    2,720,000/4,194,304 seeds      180,402,432 nodes   [ 205.9 min,    14,603 nodes/s]
    2,740,000/4,194,304 seeds      180,422,432 nodes   [ 206.1 min,    14,593 nodes/s]
    2,760,000/4,194,304 seeds      180,442,432 nodes   [ 206.2 min,    14,582 nodes/s]
    2,780,000/4,194,304 seeds      180,562,362 nodes   [ 206.3 min,    14,585 nodes/s]
    2,800,000/4,194,304 seeds      180,582,362 nodes   [ 206.4 min,    14,580 nodes/s]
    2,820,000/4,194,304 seeds      180,602,362 nodes   [ 206.5 min,    14,575 nodes/s]
    2,840,000/4,194,304 seeds      180,622,362 nodes   [ 206.6 min,    14,571 nodes/s]
    2,860,000/4,194,304 seeds      180,642,362 nodes   [ 206.7 min,    14,567 nodes/s]
    2,880,000/4,194,304 seeds      180,662,362 nodes   [ 206.8 min,    14,562 nodes/s]
    2,900,000/4,194,304 seeds      180,682,362 nodes   [ 206.9 min,    14,557 nodes/s]
    2,920,000/4,194,304 seeds      180,702,362 nodes   [ 207.0 min,    14,552 nodes/s]
    2,940,000/4,194,304 seeds      180,722,362 nodes   [ 207.0 min,    14,547 nodes/s]
    2,960,000/4,194,304 seeds      191,973,358 nodes   [ 220.0 min,    14,543 nodes/s]
    2,980,000/4,194,304 seeds      191,993,358 nodes   [ 220.2 min,    14,534 nodes/s]
    3,000,000/4,194,304 seeds      192,013,358 nodes   [ 220.3 min,    14,523 nodes/s]
    3,020,000/4,194,304 seeds      192,033,358 nodes   [ 220.5 min,    14,512 nodes/s]
    3,040,000/4,194,304 seeds      192,053,358 nodes   [ 220.7 min,    14,503 nodes/s]
    3,060,000/4,194,304 seeds      192,073,358 nodes   [ 220.9 min,    14,493 nodes/s]
    3,080,000/4,194,304 seeds      192,093,358 nodes   [ 221.1 min,    14,482 nodes/s]
    3,100,000/4,194,304 seeds      192,113,358 nodes   [ 221.2 min,    14,473 nodes/s]
    3,120,000/4,194,304 seeds      192,133,358 nodes   [ 221.4 min,    14,464 nodes/s]
    3,140,000/4,194,304 seeds      192,153,358 nodes   [ 221.6 min,    14,455 nodes/s]
    3,160,000/4,194,304 seeds      192,173,358 nodes   [ 221.7 min,    14,446 nodes/s]
    3,180,000/4,194,304 seeds      192,193,358 nodes   [ 221.9 min,    14,437 nodes/s]
    3,200,000/4,194,304 seeds      236,918,516 nodes   [ 228.2 min,    17,304 nodes/s]
    3,220,000/4,194,304 seeds      239,750,646 nodes   [ 229.6 min,    17,400 nodes/s]
    3,240,000/4,194,304 seeds      239,770,646 nodes   [ 229.7 min,    17,394 nodes/s]
    3,260,000/4,194,304 seeds      239,790,646 nodes   [ 229.8 min,    17,389 nodes/s]
    3,280,000/4,194,304 seeds      239,810,646 nodes   [ 229.9 min,    17,383 nodes/s]
    3,300,000/4,194,304 seeds      239,830,646 nodes   [ 230.0 min,    17,377 nodes/s]
    3,320,000/4,194,304 seeds      239,850,646 nodes   [ 230.1 min,    17,372 nodes/s]
    3,340,000/4,194,304 seeds      239,870,646 nodes   [ 230.2 min,    17,366 nodes/s]
    3,360,000/4,194,304 seeds      239,890,646 nodes   [ 230.3 min,    17,361 nodes/s]
    3,380,000/4,194,304 seeds      239,910,646 nodes   [ 230.4 min,    17,356 nodes/s]
    3,400,000/4,194,304 seeds      242,790,808 nodes   [ 230.5 min,    17,558 nodes/s]
    3,420,000/4,194,304 seeds      242,810,808 nodes   [ 230.5 min,    17,555 nodes/s]
    3,440,000/4,194,304 seeds      242,830,808 nodes   [ 230.6 min,    17,552 nodes/s]
    3,460,000/4,194,304 seeds      248,269,562 nodes   [ 241.1 min,    17,163 nodes/s]
    3,480,000/4,194,304 seeds      248,289,562 nodes   [ 241.3 min,    17,152 nodes/s]
    3,500,000/4,194,304 seeds      248,309,562 nodes   [ 241.4 min,    17,141 nodes/s]
    3,520,000/4,194,304 seeds      248,329,562 nodes   [ 241.6 min,    17,130 nodes/s]
    3,540,000/4,194,304 seeds      248,349,562 nodes   [ 241.8 min,    17,119 nodes/s]
    3,560,000/4,194,304 seeds      248,369,562 nodes   [ 242.0 min,    17,108 nodes/s]
    3,580,000/4,194,304 seeds      248,389,562 nodes   [ 242.1 min,    17,097 nodes/s]
    3,600,000/4,194,304 seeds      248,409,562 nodes   [ 242.3 min,    17,086 nodes/s]
    3,620,000/4,194,304 seeds      248,429,562 nodes   [ 242.5 min,    17,075 nodes/s]
    3,640,000/4,194,304 seeds      248,449,562 nodes   [ 242.7 min,    17,065 nodes/s]
    3,660,000/4,194,304 seeds      248,469,562 nodes   [ 242.8 min,    17,053 nodes/s]
    3,680,000/4,194,304 seeds      248,489,562 nodes   [ 243.0 min,    17,042 nodes/s]
    3,700,000/4,194,304 seeds      259,878,030 nodes   [ 270.8 min,    15,996 nodes/s]
    3,720,000/4,194,304 seeds      259,898,030 nodes   [ 270.9 min,    15,988 nodes/s]
    3,740,000/4,194,304 seeds      259,918,030 nodes   [ 271.1 min,    15,980 nodes/s]
    3,760,000/4,194,304 seeds      261,637,106 nodes   [ 271.2 min,    16,080 nodes/s]
    3,780,000/4,194,304 seeds      261,657,106 nodes   [ 271.3 min,    16,076 nodes/s]
    3,800,000/4,194,304 seeds      261,677,106 nodes   [ 271.4 min,    16,072 nodes/s]
    3,820,000/4,194,304 seeds      261,697,106 nodes   [ 271.4 min,    16,068 nodes/s]
    3,840,000/4,194,304 seeds      261,717,106 nodes   [ 271.5 min,    16,065 nodes/s]
    3,860,000/4,194,304 seeds      261,737,106 nodes   [ 271.6 min,    16,061 nodes/s]
    3,880,000/4,194,304 seeds      261,757,106 nodes   [ 271.7 min,    16,057 nodes/s]
    3,900,000/4,194,304 seeds      261,777,106 nodes   [ 271.8 min,    16,053 nodes/s]
    3,920,000/4,194,304 seeds      261,797,106 nodes   [ 271.9 min,    16,050 nodes/s]
    3,940,000/4,194,304 seeds      262,057,388 nodes   [ 273.5 min,    15,970 nodes/s]
    3,960,000/4,194,304 seeds      265,909,194 nodes   [ 277.0 min,    15,997 nodes/s]
    3,980,000/4,194,304 seeds      265,929,194 nodes   [ 277.2 min,    15,989 nodes/s]
    4,000,000/4,194,304 seeds      265,949,194 nodes   [ 277.4 min,    15,981 nodes/s]
    4,020,000/4,194,304 seeds      265,969,194 nodes   [ 277.5 min,    15,973 nodes/s]
    4,040,000/4,194,304 seeds      265,989,194 nodes   [ 277.7 min,    15,966 nodes/s]
    4,060,000/4,194,304 seeds      266,009,194 nodes   [ 277.8 min,    15,958 nodes/s]
    4,080,000/4,194,304 seeds      266,029,194 nodes   [ 278.0 min,    15,950 nodes/s]
    4,100,000/4,194,304 seeds      266,049,194 nodes   [ 278.1 min,    15,942 nodes/s]
    4,120,000/4,194,304 seeds      266,069,194 nodes   [ 278.3 min,    15,935 nodes/s]
    4,140,000/4,194,304 seeds      266,089,194 nodes   [ 278.4 min,    15,927 nodes/s]
    4,160,000/4,194,304 seeds      266,109,194 nodes   [ 278.6 min,    15,920 nodes/s]
    4,180,000/4,194,304 seeds      266,129,194 nodes   [ 278.8 min,    15,912 nodes/s]
    4,194,304/4,194,304 seeds      486,799,600 nodes   [ 591.1 min,    13,725 nodes/s]

  nodes emitted : 486,799,600   (0 stuck)
  certificate   : cert_B_08344.bin  81.3 MB  (1.34 bits/node)
  wall clock    : 591.1 min

====================================================================================================
VERIFYING  a >= 0.8344   family B = disk + Reuleaux3 + Reuleaux5
  witness: 1024-gon for the disk, 1024 arc points per core
  arc sagitta 4.706e-06  ->  deficit <= 1.600e-05
  emitter searched at 0.834416002117; this check uses 0.8344
  required: thresh - target >= deficit  ->  1.600e-05 >= 1.600e-05  OK
====================================================================================================

  nodes replayed 486,799,600   leaves checked 245,496,952   [683.9 min, 5,982 leaves/s]
  forest identity 2L - nseed = 486,799,600  vs nodes 486,799,600  OK
  cross-check: 24,704 leaves recomputed with the hand-written hull, worst disagreement 6.046e-13
  worst leaf slack above target: 1.240900e-05

====================================================================================================
  VERIFIED:  a >= 0.8344
====================================================================================================
