================================================================================================================
COST SCALING with the corrected erosion
  prediction: exponent = d/2  (2.5 in 5-D, 4.0 in 8-D)
================================================================================================================

>>> family (3, 5), dimension 5, optimum 0.834780947
    margin      target           boxes      min     box/s  status
  0.034781    0.800000           2,836     0.01     7,163  closed
  0.019781    0.815000          20,496     0.02    16,306  closed
  0.012781    0.822000          98,784     0.09    19,092  closed
  0.008781    0.826000         345,964     0.30    19,533  closed
  0.005781    0.829000       1,252,876     1.06    19,763  closed
  0.003781    0.831000       4,075,580     3.34    20,360  closed
  0.002281    0.832500      14,078,604    11.73    20,000  closed
  0.000381    0.834400     450,922,384   364.90    20,596  closed (from the main run)

>>> family (3, 5, 7), dimension 8, optimum 0.836494901
    margin      target           boxes      min     box/s  status
  0.030000    0.806495         375,104     0.54    11,594  closed
  0.024000    0.812495         913,876     1.31    11,604  closed
  0.020000    0.816495       3,379,860     4.89    11,519  closed
  0.016000    0.820495      11,151,480    16.62    11,184  closed
  0.013000    0.823495      33,943,512    53.07    10,660  closed
  0.011000    0.825495      82,262,500   130.45    10,510  closed

================================================================================================================
EXPONENT FITS

  family (3, 5) (d=5):  global fit  N ~ m^-2.662   predicted d/2 = 2.5   CONSISTENT
    local exponents between consecutive points:
      m 0.002281 -> 0.000381 : 1.937
      m 0.003781 -> 0.002281 : 2.453
      m 0.005781 -> 0.003781 : 2.778
      m 0.008781 -> 0.005781 : 3.079
      m 0.012781 -> 0.008781 : 3.339
      m 0.019781 -> 0.012781 : 3.601
      m 0.034781 -> 0.019781 : 3.505
    median throughput 19,648 box/s

  family (3, 5, 7) (d=8):  global fit  N ~ m^-5.503   predicted d/2 = 4.0   DEVIATES
    local exponents between consecutive points:
      m 0.013000 -> 0.011000 : 5.299
      m 0.016000 -> 0.013000 : 5.361
      m 0.020000 -> 0.016000 : 5.350
      m 0.024000 -> 0.020000 : 7.174
      m 0.030000 -> 0.024000 : 3.991
    median throughput 11,351 box/s

================================================================================================================
IMPLICATION: is 8-D (ceiling 0.836495) reachable above the certified 0.8344?
    8-D target 0.834: margin 0.002495 -> ~3.298e+11 boxes ~ 336.3 days at 11,351 box/s
    8-D target 0.8344: margin 0.002095 -> ~8.629e+11 boxes ~ 879.9 days at 11,351 box/s
    8-D target 0.8346: margin 0.001895 -> ~1.499e+12 boxes ~ 1,528.4 days at 11,351 box/s
    8-D target 0.835: margin 0.001495 -> ~5.527e+12 boxes ~ 5,635.8 days at 11,351 box/s
================================================================================================================
